[0.507s] DEBUG:colcon:Command line arguments: ['/usr/bin/colcon', 'build', '--symlink-install']
[0.507s] DEBUG:colcon:Parsed command line arguments: Namespace(allow_overriding=[], ament_cmake_args=None, base_paths=['.'], build_base='build', catkin_cmake_args=None, catkin_skip_building_tests=False, cmake_args=None, cmake_clean_cache=False, cmake_clean_first=False, cmake_force_configure=False, cmake_target=None, cmake_target_skip_unavailable=False, continue_on_error=False, event_handlers=None, executor='parallel', ignore_user_meta=False, install_base='install', log_base=None, log_level=None, main=<bound method BuildVerb.main of <colcon_core.verb.build.BuildVerb object at 0xffffbd8d3cd0>>, merge_install=False, metas=['./colcon.meta'], packages_above=None, packages_above_and_dependencies=None, packages_above_depth=None, packages_end=None, packages_ignore=None, packages_ignore_regex=None, packages_select=None, packages_select_build_failed=False, packages_select_by_dep=None, packages_select_regex=None, packages_select_test_failures=False, packages_skip=None, packages_skip_build_finished=False, packages_skip_by_dep=None, packages_skip_regex=None, packages_skip_test_passed=False, packages_skip_up_to=None, packages_start=None, packages_up_to=None, packages_up_to_regex=None, parallel_workers=4, paths=None, symlink_install=True, test_result_base=None, verb_extension=<colcon_core.verb.build.BuildVerb object at 0xffffbd8d3cd0>, verb_name='build', verb_parser=<colcon_defaults.argument_parser.defaults.DefaultArgumentsDecorator object at 0xffffbd8e2460>)
[0.828s] Level 1:colcon.colcon_core.package_discovery:discover_packages(colcon_meta) check parameters
[0.829s] Level 1:colcon.colcon_core.package_discovery:discover_packages(recursive) check parameters
[0.829s] Level 1:colcon.colcon_core.package_discovery:discover_packages(ignore) check parameters
[0.829s] Level 1:colcon.colcon_core.package_discovery:discover_packages(path) check parameters
[0.829s] Level 1:colcon.colcon_core.package_discovery:discover_packages(colcon_meta) discover
[0.829s] Level 1:colcon.colcon_core.package_discovery:discover_packages(recursive) discover
[0.829s] INFO:colcon.colcon_core.package_discovery:Crawling recursively for packages in '/home/hy/Mobility_Challenge/ros2_ws'
[0.830s] Level 1:colcon.colcon_core.package_identification:_identify(.) by extensions ['ignore', 'ignore_ament_install']
[0.830s] Level 1:colcon.colcon_core.package_identification:_identify(.) by extension 'ignore'
[0.830s] Level 1:colcon.colcon_core.package_identification:_identify(.) by extension 'ignore_ament_install'
[0.830s] Level 1:colcon.colcon_core.package_identification:_identify(.) by extensions ['colcon_pkg']
[0.831s] Level 1:colcon.colcon_core.package_identification:_identify(.) by extension 'colcon_pkg'
[0.831s] Level 1:colcon.colcon_core.package_identification:_identify(.) by extensions ['colcon_meta']
[0.831s] Level 1:colcon.colcon_core.package_identification:_identify(.) by extension 'colcon_meta'
[0.831s] Level 1:colcon.colcon_core.package_identification:_identify(.) by extensions ['ros']
[0.831s] Level 1:colcon.colcon_core.package_identification:_identify(.) by extension 'ros'
[0.855s] Level 1:colcon.colcon_core.package_identification:_identify(.) by extensions ['cmake', 'python']
[0.855s] Level 1:colcon.colcon_core.package_identification:_identify(.) by extension 'cmake'
[0.855s] Level 1:colcon.colcon_core.package_identification:_identify(.) by extension 'python'
[0.856s] Level 1:colcon.colcon_core.package_identification:_identify(.) by extensions ['python_setup_py']
[0.856s] Level 1:colcon.colcon_core.package_identification:_identify(.) by extension 'python_setup_py'
[0.856s] Level 1:colcon.colcon_core.package_identification:_identify(build) by extensions ['ignore', 'ignore_ament_install']
[0.856s] Level 1:colcon.colcon_core.package_identification:_identify(build) by extension 'ignore'
[0.856s] Level 1:colcon.colcon_core.package_identification:_identify(build) ignored
[0.857s] Level 1:colcon.colcon_core.package_identification:_identify(install) by extensions ['ignore', 'ignore_ament_install']
[0.857s] Level 1:colcon.colcon_core.package_identification:_identify(install) by extension 'ignore'
[0.857s] Level 1:colcon.colcon_core.package_identification:_identify(install) ignored
[0.857s] Level 1:colcon.colcon_core.package_identification:_identify(log) by extensions ['ignore', 'ignore_ament_install']
[0.858s] Level 1:colcon.colcon_core.package_identification:_identify(log) by extension 'ignore'
[0.858s] Level 1:colcon.colcon_core.package_identification:_identify(log) ignored
[0.858s] Level 1:colcon.colcon_core.package_identification:_identify(src) by extensions ['ignore', 'ignore_ament_install']
[0.858s] Level 1:colcon.colcon_core.package_identification:_identify(src) by extension 'ignore'
[0.858s] Level 1:colcon.colcon_core.package_identification:_identify(src) by extension 'ignore_ament_install'
[0.858s] Level 1:colcon.colcon_core.package_identification:_identify(src) by extensions ['colcon_pkg']
[0.858s] Level 1:colcon.colcon_core.package_identification:_identify(src) by extension 'colcon_pkg'
[0.859s] Level 1:colcon.colcon_core.package_identification:_identify(src) by extensions ['colcon_meta']
[0.859s] Level 1:colcon.colcon_core.package_identification:_identify(src) by extension 'colcon_meta'
[0.859s] Level 1:colcon.colcon_core.package_identification:_identify(src) by extensions ['ros']
[0.859s] Level 1:colcon.colcon_core.package_identification:_identify(src) by extension 'ros'
[0.859s] Level 1:colcon.colcon_core.package_identification:_identify(src) by extensions ['cmake', 'python']
[0.859s] Level 1:colcon.colcon_core.package_identification:_identify(src) by extension 'cmake'
[0.859s] Level 1:colcon.colcon_core.package_identification:_identify(src) by extension 'python'
[0.859s] Level 1:colcon.colcon_core.package_identification:_identify(src) by extensions ['python_setup_py']
[0.860s] Level 1:colcon.colcon_core.package_identification:_identify(src) by extension 'python_setup_py'
[0.860s] Level 1:colcon.colcon_core.package_identification:_identify(src/cav_controller) by extensions ['ignore', 'ignore_ament_install']
[0.860s] Level 1:colcon.colcon_core.package_identification:_identify(src/cav_controller) by extension 'ignore'
[0.860s] Level 1:colcon.colcon_core.package_identification:_identify(src/cav_controller) by extension 'ignore_ament_install'
[0.860s] Level 1:colcon.colcon_core.package_identification:_identify(src/cav_controller) by extensions ['colcon_pkg']
[0.860s] Level 1:colcon.colcon_core.package_identification:_identify(src/cav_controller) by extension 'colcon_pkg'
[0.861s] Level 1:colcon.colcon_core.package_identification:_identify(src/cav_controller) by extensions ['colcon_meta']
[0.861s] Level 1:colcon.colcon_core.package_identification:_identify(src/cav_controller) by extension 'colcon_meta'
[0.861s] Level 1:colcon.colcon_core.package_identification:_identify(src/cav_controller) by extensions ['ros']
[0.861s] Level 1:colcon.colcon_core.package_identification:_identify(src/cav_controller) by extension 'ros'
[0.868s] DEBUG:colcon.colcon_core.package_identification:Package 'src/cav_controller' with type 'ros.ament_python' and name 'cav_controller'
[0.868s] Level 1:colcon.colcon_core.package_identification:_identify(src/domain_bridge) by extensions ['ignore', 'ignore_ament_install']
[0.868s] Level 1:colcon.colcon_core.package_identification:_identify(src/domain_bridge) by extension 'ignore'
[0.868s] Level 1:colcon.colcon_core.package_identification:_identify(src/domain_bridge) by extension 'ignore_ament_install'
[0.868s] Level 1:colcon.colcon_core.package_identification:_identify(src/domain_bridge) by extensions ['colcon_pkg']
[0.869s] Level 1:colcon.colcon_core.package_identification:_identify(src/domain_bridge) by extension 'colcon_pkg'
[0.869s] Level 1:colcon.colcon_core.package_identification:_identify(src/domain_bridge) by extensions ['colcon_meta']
[0.869s] Level 1:colcon.colcon_core.package_identification:_identify(src/domain_bridge) by extension 'colcon_meta'
[0.869s] Level 1:colcon.colcon_core.package_identification:_identify(src/domain_bridge) by extensions ['ros']
[0.869s] Level 1:colcon.colcon_core.package_identification:_identify(src/domain_bridge) by extension 'ros'
[0.872s] DEBUG:colcon.colcon_core.package_identification:Package 'src/domain_bridge' with type 'ros.ament_cmake' and name 'domain_bridge'
[0.872s] Level 1:colcon.colcon_core.package_identification:_identify(src/p3_cpp) by extensions ['ignore', 'ignore_ament_install']
[0.872s] Level 1:colcon.colcon_core.package_identification:_identify(src/p3_cpp) by extension 'ignore'
[0.872s] Level 1:colcon.colcon_core.package_identification:_identify(src/p3_cpp) by extension 'ignore_ament_install'
[0.873s] Level 1:colcon.colcon_core.package_identification:_identify(src/p3_cpp) by extensions ['colcon_pkg']
[0.873s] Level 1:colcon.colcon_core.package_identification:_identify(src/p3_cpp) by extension 'colcon_pkg'
[0.873s] Level 1:colcon.colcon_core.package_identification:_identify(src/p3_cpp) by extensions ['colcon_meta']
[0.873s] Level 1:colcon.colcon_core.package_identification:_identify(src/p3_cpp) by extension 'colcon_meta'
[0.873s] Level 1:colcon.colcon_core.package_identification:_identify(src/p3_cpp) by extensions ['ros']
[0.873s] Level 1:colcon.colcon_core.package_identification:_identify(src/p3_cpp) by extension 'ros'
[0.875s] DEBUG:colcon.colcon_core.package_identification:Package 'src/p3_cpp' with type 'ros.ament_cmake' and name 'p3_cpp'
[0.876s] Level 1:colcon.colcon_core.package_identification:_identify(src/simulator_launch) by extensions ['ignore', 'ignore_ament_install']
[0.876s] Level 1:colcon.colcon_core.package_identification:_identify(src/simulator_launch) by extension 'ignore'
[0.876s] Level 1:colcon.colcon_core.package_identification:_identify(src/simulator_launch) by extension 'ignore_ament_install'
[0.876s] Level 1:colcon.colcon_core.package_identification:_identify(src/simulator_launch) by extensions ['colcon_pkg']
[0.876s] Level 1:colcon.colcon_core.package_identification:_identify(src/simulator_launch) by extension 'colcon_pkg'
[0.876s] Level 1:colcon.colcon_core.package_identification:_identify(src/simulator_launch) by extensions ['colcon_meta']
[0.876s] Level 1:colcon.colcon_core.package_identification:_identify(src/simulator_launch) by extension 'colcon_meta'
[0.877s] Level 1:colcon.colcon_core.package_identification:_identify(src/simulator_launch) by extensions ['ros']
[0.877s] Level 1:colcon.colcon_core.package_identification:_identify(src/simulator_launch) by extension 'ros'
[0.878s] DEBUG:colcon.colcon_core.package_identification:Package 'src/simulator_launch' with type 'ros.ament_cmake' and name 'simulator_launch'
[0.878s] Level 1:colcon.colcon_core.package_identification:_identify(tool) by extensions ['ignore', 'ignore_ament_install']
[0.878s] Level 1:colcon.colcon_core.package_identification:_identify(tool) by extension 'ignore'
[0.879s] Level 1:colcon.colcon_core.package_identification:_identify(tool) by extension 'ignore_ament_install'
[0.879s] Level 1:colcon.colcon_core.package_identification:_identify(tool) by extensions ['colcon_pkg']
[0.879s] Level 1:colcon.colcon_core.package_identification:_identify(tool) by extension 'colcon_pkg'
[0.879s] Level 1:colcon.colcon_core.package_identification:_identify(tool) by extensions ['colcon_meta']
[0.879s] Level 1:colcon.colcon_core.package_identification:_identify(tool) by extension 'colcon_meta'
[0.879s] Level 1:colcon.colcon_core.package_identification:_identify(tool) by extensions ['ros']
[0.879s] Level 1:colcon.colcon_core.package_identification:_identify(tool) by extension 'ros'
[0.880s] Level 1:colcon.colcon_core.package_identification:_identify(tool) by extensions ['cmake', 'python']
[0.880s] Level 1:colcon.colcon_core.package_identification:_identify(tool) by extension 'cmake'
[0.880s] Level 1:colcon.colcon_core.package_identification:_identify(tool) by extension 'python'
[0.880s] Level 1:colcon.colcon_core.package_identification:_identify(tool) by extensions ['python_setup_py']
[0.880s] Level 1:colcon.colcon_core.package_identification:_identify(tool) by extension 'python_setup_py'
[0.880s] Level 1:colcon.colcon_core.package_identification:_identify(tool/waypoint) by extensions ['ignore', 'ignore_ament_install']
[0.881s] Level 1:colcon.colcon_core.package_identification:_identify(tool/waypoint) by extension 'ignore'
[0.881s] Level 1:colcon.colcon_core.package_identification:_identify(tool/waypoint) by extension 'ignore_ament_install'
[0.881s] Level 1:colcon.colcon_core.package_identification:_identify(tool/waypoint) by extensions ['colcon_pkg']
[0.881s] Level 1:colcon.colcon_core.package_identification:_identify(tool/waypoint) by extension 'colcon_pkg'
[0.881s] Level 1:colcon.colcon_core.package_identification:_identify(tool/waypoint) by extensions ['colcon_meta']
[0.881s] Level 1:colcon.colcon_core.package_identification:_identify(tool/waypoint) by extension 'colcon_meta'
[0.881s] Level 1:colcon.colcon_core.package_identification:_identify(tool/waypoint) by extensions ['ros']
[0.881s] Level 1:colcon.colcon_core.package_identification:_identify(tool/waypoint) by extension 'ros'
[0.882s] Level 1:colcon.colcon_core.package_identification:_identify(tool/waypoint) by extensions ['cmake', 'python']
[0.882s] Level 1:colcon.colcon_core.package_identification:_identify(tool/waypoint) by extension 'cmake'
[0.882s] Level 1:colcon.colcon_core.package_identification:_identify(tool/waypoint) by extension 'python'
[0.882s] Level 1:colcon.colcon_core.package_identification:_identify(tool/waypoint) by extensions ['python_setup_py']
[0.882s] Level 1:colcon.colcon_core.package_identification:_identify(tool/waypoint) by extension 'python_setup_py'
[0.882s] Level 1:colcon.colcon_core.package_discovery:discover_packages(recursive) using defaults
[0.882s] Level 1:colcon.colcon_core.package_discovery:discover_packages(ignore) discover
[0.882s] Level 1:colcon.colcon_core.package_discovery:discover_packages(ignore) using defaults
[0.882s] Level 1:colcon.colcon_core.package_discovery:discover_packages(path) discover
[0.882s] Level 1:colcon.colcon_core.package_discovery:discover_packages(path) using defaults
[0.940s] Level 1:colcon.colcon_core.package_discovery:discover_packages(prefix_path) check parameters
[0.940s] Level 1:colcon.colcon_core.package_discovery:discover_packages(prefix_path) discover
[0.946s] DEBUG:colcon.colcon_installed_package_information.package_discovery:Found 176 installed packages in /opt/ros/foxy
[0.948s] Level 1:colcon.colcon_core.package_discovery:discover_packages(prefix_path) using defaults
[1.030s] Level 5:colcon.colcon_core.verb:set package 'cav_controller' build argument 'cmake_args' from command line to 'None'
[1.030s] Level 5:colcon.colcon_core.verb:set package 'cav_controller' build argument 'cmake_target' from command line to 'None'
[1.030s] Level 5:colcon.colcon_core.verb:set package 'cav_controller' build argument 'cmake_target_skip_unavailable' from command line to 'False'
[1.030s] Level 5:colcon.colcon_core.verb:set package 'cav_controller' build argument 'cmake_clean_cache' from command line to 'False'
[1.030s] Level 5:colcon.colcon_core.verb:set package 'cav_controller' build argument 'cmake_clean_first' from command line to 'False'
[1.030s] Level 5:colcon.colcon_core.verb:set package 'cav_controller' build argument 'cmake_force_configure' from command line to 'False'
[1.030s] Level 5:colcon.colcon_core.verb:set package 'cav_controller' build argument 'ament_cmake_args' from command line to 'None'
[1.030s] Level 5:colcon.colcon_core.verb:set package 'cav_controller' build argument 'catkin_cmake_args' from command line to 'None'
[1.030s] Level 5:colcon.colcon_core.verb:set package 'cav_controller' build argument 'catkin_skip_building_tests' from command line to 'False'
[1.030s] DEBUG:colcon.colcon_core.verb:Building package 'cav_controller' with the following arguments: {'ament_cmake_args': None, 'build_base': '/home/hy/Mobility_Challenge/ros2_ws/build/cav_controller', 'catkin_cmake_args': None, 'catkin_skip_building_tests': False, 'cmake_args': None, 'cmake_clean_cache': False, 'cmake_clean_first': False, 'cmake_force_configure': False, 'cmake_target': None, 'cmake_target_skip_unavailable': False, 'install_base': '/home/hy/Mobility_Challenge/ros2_ws/install/cav_controller', 'merge_install': False, 'path': '/home/hy/Mobility_Challenge/ros2_ws/src/cav_controller', 'symlink_install': True, 'test_result_base': None}
[1.031s] Level 5:colcon.colcon_core.verb:set package 'domain_bridge' build argument 'cmake_args' from command line to 'None'
[1.031s] Level 5:colcon.colcon_core.verb:set package 'domain_bridge' build argument 'cmake_target' from command line to 'None'
[1.031s] Level 5:colcon.colcon_core.verb:set package 'domain_bridge' build argument 'cmake_target_skip_unavailable' from command line to 'False'
[1.031s] Level 5:colcon.colcon_core.verb:set package 'domain_bridge' build argument 'cmake_clean_cache' from command line to 'False'
[1.031s] Level 5:colcon.colcon_core.verb:set package 'domain_bridge' build argument 'cmake_clean_first' from command line to 'False'
[1.032s] Level 5:colcon.colcon_core.verb:set package 'domain_bridge' build argument 'cmake_force_configure' from command line to 'False'
[1.032s] Level 5:colcon.colcon_core.verb:set package 'domain_bridge' build argument 'ament_cmake_args' from command line to 'None'
[1.032s] Level 5:colcon.colcon_core.verb:set package 'domain_bridge' build argument 'catkin_cmake_args' from command line to 'None'
[1.032s] Level 5:colcon.colcon_core.verb:set package 'domain_bridge' build argument 'catkin_skip_building_tests' from command line to 'False'
[1.032s] DEBUG:colcon.colcon_core.verb:Building package 'domain_bridge' with the following arguments: {'ament_cmake_args': None, 'build_base': '/home/hy/Mobility_Challenge/ros2_ws/build/domain_bridge', 'catkin_cmake_args': None, 'catkin_skip_building_tests': False, 'cmake_args': None, 'cmake_clean_cache': False, 'cmake_clean_first': False, 'cmake_force_configure': False, 'cmake_target': None, 'cmake_target_skip_unavailable': False, 'install_base': '/home/hy/Mobility_Challenge/ros2_ws/install/domain_bridge', 'merge_install': False, 'path': '/home/hy/Mobility_Challenge/ros2_ws/src/domain_bridge', 'symlink_install': True, 'test_result_base': None}
[1.033s] Level 5:colcon.colcon_core.verb:set package 'simulator_launch' build argument 'cmake_args' from command line to 'None'
[1.033s] Level 5:colcon.colcon_core.verb:set package 'simulator_launch' build argument 'cmake_target' from command line to 'None'
[1.033s] Level 5:colcon.colcon_core.verb:set package 'simulator_launch' build argument 'cmake_target_skip_unavailable' from command line to 'False'
[1.033s] Level 5:colcon.colcon_core.verb:set package 'simulator_launch' build argument 'cmake_clean_cache' from command line to 'False'
[1.033s] Level 5:colcon.colcon_core.verb:set package 'simulator_launch' build argument 'cmake_clean_first' from command line to 'False'
[1.033s] Level 5:colcon.colcon_core.verb:set package 'simulator_launch' build argument 'cmake_force_configure' from command line to 'False'
[1.033s] Level 5:colcon.colcon_core.verb:set package 'simulator_launch' build argument 'ament_cmake_args' from command line to 'None'
[1.033s] Level 5:colcon.colcon_core.verb:set package 'simulator_launch' build argument 'catkin_cmake_args' from command line to 'None'
[1.033s] Level 5:colcon.colcon_core.verb:set package 'simulator_launch' build argument 'catkin_skip_building_tests' from command line to 'False'
[1.033s] DEBUG:colcon.colcon_core.verb:Building package 'simulator_launch' with the following arguments: {'ament_cmake_args': None, 'build_base': '/home/hy/Mobility_Challenge/ros2_ws/build/simulator_launch', 'catkin_cmake_args': None, 'catkin_skip_building_tests': False, 'cmake_args': None, 'cmake_clean_cache': False, 'cmake_clean_first': False, 'cmake_force_configure': False, 'cmake_target': None, 'cmake_target_skip_unavailable': False, 'install_base': '/home/hy/Mobility_Challenge/ros2_ws/install/simulator_launch', 'merge_install': False, 'path': '/home/hy/Mobility_Challenge/ros2_ws/src/simulator_launch', 'symlink_install': True, 'test_result_base': None}
[1.034s] Level 5:colcon.colcon_core.verb:set package 'p3_cpp' build argument 'cmake_args' from command line to 'None'
[1.034s] Level 5:colcon.colcon_core.verb:set package 'p3_cpp' build argument 'cmake_target' from command line to 'None'
[1.034s] Level 5:colcon.colcon_core.verb:set package 'p3_cpp' build argument 'cmake_target_skip_unavailable' from command line to 'False'
[1.034s] Level 5:colcon.colcon_core.verb:set package 'p3_cpp' build argument 'cmake_clean_cache' from command line to 'False'
[1.034s] Level 5:colcon.colcon_core.verb:set package 'p3_cpp' build argument 'cmake_clean_first' from command line to 'False'
[1.034s] Level 5:colcon.colcon_core.verb:set package 'p3_cpp' build argument 'cmake_force_configure' from command line to 'False'
[1.034s] Level 5:colcon.colcon_core.verb:set package 'p3_cpp' build argument 'ament_cmake_args' from command line to 'None'
[1.034s] Level 5:colcon.colcon_core.verb:set package 'p3_cpp' build argument 'catkin_cmake_args' from command line to 'None'
[1.034s] Level 5:colcon.colcon_core.verb:set package 'p3_cpp' build argument 'catkin_skip_building_tests' from command line to 'False'
[1.034s] DEBUG:colcon.colcon_core.verb:Building package 'p3_cpp' with the following arguments: {'ament_cmake_args': None, 'build_base': '/home/hy/Mobility_Challenge/ros2_ws/build/p3_cpp', 'catkin_cmake_args': None, 'catkin_skip_building_tests': False, 'cmake_args': None, 'cmake_clean_cache': False, 'cmake_clean_first': False, 'cmake_force_configure': False, 'cmake_target': None, 'cmake_target_skip_unavailable': False, 'install_base': '/home/hy/Mobility_Challenge/ros2_ws/install/p3_cpp', 'merge_install': False, 'path': '/home/hy/Mobility_Challenge/ros2_ws/src/p3_cpp', 'symlink_install': True, 'test_result_base': None}
[1.035s] INFO:colcon.colcon_core.executor:Executing jobs using 'parallel' executor
[1.037s] DEBUG:colcon.colcon_parallel_executor.executor.parallel:run_until_complete
[1.038s] INFO:colcon.colcon_ros.task.ament_cmake.build:Building ROS package in '/home/hy/Mobility_Challenge/ros2_ws/src/domain_bridge' with build type 'ament_cmake'
[1.038s] INFO:colcon.colcon_cmake.task.cmake.build:Building CMake package in '/home/hy/Mobility_Challenge/ros2_ws/src/domain_bridge'
[1.045s] INFO:colcon.colcon_core.plugin_system:Skipping extension 'colcon_core.shell.bat': Not used on non-Windows systems
[1.045s] INFO:colcon.colcon_core.shell:Skip shell extension 'powershell' for command environment: Not usable outside of PowerShell
[1.045s] DEBUG:colcon.colcon_core.shell:Skip shell extension 'dsv' for command environment
[1.056s] INFO:colcon.colcon_ros.task.ament_python.build:Building ROS package in '/home/hy/Mobility_Challenge/ros2_ws/src/cav_controller' with build type 'ament_python'
[1.057s] Level 1:colcon.colcon_core.shell:create_environment_hook('cav_controller', 'ament_prefix_path')
[1.058s] INFO:colcon.colcon_core.shell:Creating environment hook '/home/hy/Mobility_Challenge/ros2_ws/install/cav_controller/share/cav_controller/hook/ament_prefix_path.ps1'
[1.060s] INFO:colcon.colcon_core.shell:Creating environment descriptor '/home/hy/Mobility_Challenge/ros2_ws/install/cav_controller/share/cav_controller/hook/ament_prefix_path.dsv'
[1.061s] INFO:colcon.colcon_core.shell:Creating environment hook '/home/hy/Mobility_Challenge/ros2_ws/install/cav_controller/share/cav_controller/hook/ament_prefix_path.sh'
[1.063s] INFO:colcon.colcon_core.shell:Skip shell extension 'powershell' for command environment: Not usable outside of PowerShell
[1.063s] DEBUG:colcon.colcon_core.shell:Skip shell extension 'dsv' for command environment
[1.070s] INFO:colcon.colcon_ros.task.ament_cmake.build:Building ROS package in '/home/hy/Mobility_Challenge/ros2_ws/src/simulator_launch' with build type 'ament_cmake'
[1.070s] INFO:colcon.colcon_cmake.task.cmake.build:Building CMake package in '/home/hy/Mobility_Challenge/ros2_ws/src/simulator_launch'
[1.071s] INFO:colcon.colcon_core.shell:Skip shell extension 'powershell' for command environment: Not usable outside of PowerShell
[1.072s] DEBUG:colcon.colcon_core.shell:Skip shell extension 'dsv' for command environment
[1.087s] DEBUG:colcon.colcon_core.event_handler.log_command:Invoking command in '/home/hy/Mobility_Challenge/ros2_ws/build/domain_bridge': CMAKE_PREFIX_PATH=/opt/ros/foxy /usr/bin/cmake --build /home/hy/Mobility_Challenge/ros2_ws/build/domain_bridge -- -j4 -l4
[1.583s] INFO:colcon.colcon_core.task.python.build:Building Python package in '/home/hy/Mobility_Challenge/ros2_ws/src/cav_controller'
[1.584s] INFO:colcon.colcon_core.shell:Skip shell extension 'powershell' for command environment: Not usable outside of PowerShell
[1.584s] DEBUG:colcon.colcon_core.shell:Skip shell extension 'dsv' for command environment
[1.606s] DEBUG:colcon.colcon_core.event_handler.log_command:Invoking command in '/home/hy/Mobility_Challenge/ros2_ws/build/simulator_launch': CMAKE_PREFIX_PATH=/opt/ros/foxy /usr/bin/cmake --build /home/hy/Mobility_Challenge/ros2_ws/build/simulator_launch -- -j4 -l4
[1.707s] DEBUG:colcon.colcon_core.event_handler.log_command:Invoked command in '/home/hy/Mobility_Challenge/ros2_ws/build/simulator_launch' returned '0': CMAKE_PREFIX_PATH=/opt/ros/foxy /usr/bin/cmake --build /home/hy/Mobility_Challenge/ros2_ws/build/simulator_launch -- -j4 -l4
[1.736s] DEBUG:colcon.colcon_core.event_handler.log_command:Invoking command in '/home/hy/Mobility_Challenge/ros2_ws/build/simulator_launch': CMAKE_PREFIX_PATH=/opt/ros/foxy /usr/bin/cmake --install /home/hy/Mobility_Challenge/ros2_ws/build/simulator_launch
[1.854s] Level 1:colcon.colcon_core.environment:create_environment_scripts_only(simulator_launch)
[1.856s] DEBUG:colcon.colcon_core.event_handler.log_command:Invoked command in '/home/hy/Mobility_Challenge/ros2_ws/build/simulator_launch' returned '0': CMAKE_PREFIX_PATH=/opt/ros/foxy /usr/bin/cmake --install /home/hy/Mobility_Challenge/ros2_ws/build/simulator_launch
[1.868s] Level 1:colcon.colcon_core.environment:checking '/home/hy/Mobility_Challenge/ros2_ws/install/simulator_launch' for CMake module files
[1.869s] Level 1:colcon.colcon_core.environment:checking '/home/hy/Mobility_Challenge/ros2_ws/install/simulator_launch' for CMake config files
[1.870s] Level 1:colcon.colcon_core.shell:create_environment_hook('simulator_launch', 'cmake_prefix_path')
[1.870s] INFO:colcon.colcon_core.shell:Creating environment hook '/home/hy/Mobility_Challenge/ros2_ws/install/simulator_launch/share/simulator_launch/hook/cmake_prefix_path.ps1'
[1.872s] INFO:colcon.colcon_core.shell:Creating environment descriptor '/home/hy/Mobility_Challenge/ros2_ws/install/simulator_launch/share/simulator_launch/hook/cmake_prefix_path.dsv'
[1.873s] INFO:colcon.colcon_core.shell:Creating environment hook '/home/hy/Mobility_Challenge/ros2_ws/install/simulator_launch/share/simulator_launch/hook/cmake_prefix_path.sh'
[1.874s] Level 1:colcon.colcon_core.environment:checking '/home/hy/Mobility_Challenge/ros2_ws/install/simulator_launch/bin'
[1.875s] Level 1:colcon.colcon_core.environment:checking '/home/hy/Mobility_Challenge/ros2_ws/install/simulator_launch/lib/pkgconfig/simulator_launch.pc'
[1.875s] Level 1:colcon.colcon_core.environment:checking '/home/hy/Mobility_Challenge/ros2_ws/install/simulator_launch/lib/python3.8/site-packages'
[1.876s] Level 1:colcon.colcon_core.environment:checking '/home/hy/Mobility_Challenge/ros2_ws/install/simulator_launch/bin'
[1.877s] INFO:colcon.colcon_core.shell:Creating package script '/home/hy/Mobility_Challenge/ros2_ws/install/simulator_launch/share/simulator_launch/package.ps1'
[1.879s] INFO:colcon.colcon_core.shell:Creating package descriptor '/home/hy/Mobility_Challenge/ros2_ws/install/simulator_launch/share/simulator_launch/package.dsv'
[1.880s] INFO:colcon.colcon_core.shell:Creating package script '/home/hy/Mobility_Challenge/ros2_ws/install/simulator_launch/share/simulator_launch/package.sh'
[1.882s] INFO:colcon.colcon_core.shell:Creating package script '/home/hy/Mobility_Challenge/ros2_ws/install/simulator_launch/share/simulator_launch/package.bash'
[1.884s] INFO:colcon.colcon_core.shell:Creating package script '/home/hy/Mobility_Challenge/ros2_ws/install/simulator_launch/share/simulator_launch/package.zsh'
[1.886s] Level 1:colcon.colcon_core.environment:create_file_with_runtime_dependencies(/home/hy/Mobility_Challenge/ros2_ws/install/simulator_launch/share/colcon-core/packages/simulator_launch)
[1.887s] Level 1:colcon.colcon_core.environment:create_environment_scripts_only(simulator_launch)
[1.888s] Level 1:colcon.colcon_core.environment:checking '/home/hy/Mobility_Challenge/ros2_ws/install/simulator_launch' for CMake module files
[1.889s] Level 1:colcon.colcon_core.environment:checking '/home/hy/Mobility_Challenge/ros2_ws/install/simulator_launch' for CMake config files
[1.890s] Level 1:colcon.colcon_core.shell:create_environment_hook('simulator_launch', 'cmake_prefix_path')
[1.890s] INFO:colcon.colcon_core.shell:Creating environment hook '/home/hy/Mobility_Challenge/ros2_ws/install/simulator_launch/share/simulator_launch/hook/cmake_prefix_path.ps1'
[1.891s] INFO:colcon.colcon_core.shell:Creating environment descriptor '/home/hy/Mobility_Challenge/ros2_ws/install/simulator_launch/share/simulator_launch/hook/cmake_prefix_path.dsv'
[1.892s] INFO:colcon.colcon_core.shell:Creating environment hook '/home/hy/Mobility_Challenge/ros2_ws/install/simulator_launch/share/simulator_launch/hook/cmake_prefix_path.sh'
[1.893s] Level 1:colcon.colcon_core.environment:checking '/home/hy/Mobility_Challenge/ros2_ws/install/simulator_launch/bin'
[1.893s] Level 1:colcon.colcon_core.environment:checking '/home/hy/Mobility_Challenge/ros2_ws/install/simulator_launch/lib/pkgconfig/simulator_launch.pc'
[1.894s] Level 1:colcon.colcon_core.environment:checking '/home/hy/Mobility_Challenge/ros2_ws/install/simulator_launch/lib/python3.8/site-packages'
[1.894s] Level 1:colcon.colcon_core.environment:checking '/home/hy/Mobility_Challenge/ros2_ws/install/simulator_launch/bin'
[1.895s] INFO:colcon.colcon_core.shell:Creating package script '/home/hy/Mobility_Challenge/ros2_ws/install/simulator_launch/share/simulator_launch/package.ps1'
[1.896s] INFO:colcon.colcon_core.shell:Creating package descriptor '/home/hy/Mobility_Challenge/ros2_ws/install/simulator_launch/share/simulator_launch/package.dsv'
[1.897s] INFO:colcon.colcon_core.shell:Creating package script '/home/hy/Mobility_Challenge/ros2_ws/install/simulator_launch/share/simulator_launch/package.sh'
[1.898s] INFO:colcon.colcon_core.shell:Creating package script '/home/hy/Mobility_Challenge/ros2_ws/install/simulator_launch/share/simulator_launch/package.bash'
[1.899s] INFO:colcon.colcon_core.shell:Creating package script '/home/hy/Mobility_Challenge/ros2_ws/install/simulator_launch/share/simulator_launch/package.zsh'
[1.900s] Level 1:colcon.colcon_core.environment:create_file_with_runtime_dependencies(/home/hy/Mobility_Challenge/ros2_ws/install/simulator_launch/share/colcon-core/packages/simulator_launch)
[1.904s] DEBUG:colcon.colcon_core.event_handler.log_command:Invoked command in '/home/hy/Mobility_Challenge/ros2_ws/build/domain_bridge' returned '0': CMAKE_PREFIX_PATH=/opt/ros/foxy /usr/bin/cmake --build /home/hy/Mobility_Challenge/ros2_ws/build/domain_bridge -- -j4 -l4
[1.910s] DEBUG:colcon.colcon_core.event_handler.log_command:Invoking command in '/home/hy/Mobility_Challenge/ros2_ws/build/domain_bridge': CMAKE_PREFIX_PATH=/opt/ros/foxy /usr/bin/cmake --install /home/hy/Mobility_Challenge/ros2_ws/build/domain_bridge
[2.084s] Level 1:colcon.colcon_core.environment:create_environment_scripts_only(domain_bridge)
[2.085s] Level 1:colcon.colcon_core.environment:checking '/home/hy/Mobility_Challenge/ros2_ws/install/domain_bridge' for CMake module files
[2.086s] DEBUG:colcon.colcon_core.event_handler.log_command:Invoked command in '/home/hy/Mobility_Challenge/ros2_ws/build/domain_bridge' returned '0': CMAKE_PREFIX_PATH=/opt/ros/foxy /usr/bin/cmake --install /home/hy/Mobility_Challenge/ros2_ws/build/domain_bridge
[2.088s] Level 1:colcon.colcon_core.environment:checking '/home/hy/Mobility_Challenge/ros2_ws/install/domain_bridge' for CMake config files
[2.089s] Level 1:colcon.colcon_core.shell:create_environment_hook('domain_bridge', 'cmake_prefix_path')
[2.089s] INFO:colcon.colcon_core.shell:Creating environment hook '/home/hy/Mobility_Challenge/ros2_ws/install/domain_bridge/share/domain_bridge/hook/cmake_prefix_path.ps1'
[2.091s] INFO:colcon.colcon_core.shell:Creating environment descriptor '/home/hy/Mobility_Challenge/ros2_ws/install/domain_bridge/share/domain_bridge/hook/cmake_prefix_path.dsv'
[2.092s] INFO:colcon.colcon_core.shell:Creating environment hook '/home/hy/Mobility_Challenge/ros2_ws/install/domain_bridge/share/domain_bridge/hook/cmake_prefix_path.sh'
[2.093s] Level 1:colcon.colcon_core.environment:checking '/home/hy/Mobility_Challenge/ros2_ws/install/domain_bridge/lib'
[2.094s] Level 1:colcon.colcon_core.shell:create_environment_hook('domain_bridge', 'ld_library_path_lib')
[2.094s] INFO:colcon.colcon_core.shell:Creating environment hook '/home/hy/Mobility_Challenge/ros2_ws/install/domain_bridge/share/domain_bridge/hook/ld_library_path_lib.ps1'
[2.095s] INFO:colcon.colcon_core.shell:Creating environment descriptor '/home/hy/Mobility_Challenge/ros2_ws/install/domain_bridge/share/domain_bridge/hook/ld_library_path_lib.dsv'
[2.096s] INFO:colcon.colcon_core.shell:Creating environment hook '/home/hy/Mobility_Challenge/ros2_ws/install/domain_bridge/share/domain_bridge/hook/ld_library_path_lib.sh'
[2.097s] Level 1:colcon.colcon_core.environment:checking '/home/hy/Mobility_Challenge/ros2_ws/install/domain_bridge/bin'
[2.097s] Level 1:colcon.colcon_core.environment:checking '/home/hy/Mobility_Challenge/ros2_ws/install/domain_bridge/lib/pkgconfig/domain_bridge.pc'
[2.097s] Level 1:colcon.colcon_core.environment:checking '/home/hy/Mobility_Challenge/ros2_ws/install/domain_bridge/lib/python3.8/site-packages'
[2.098s] Level 1:colcon.colcon_core.shell:create_environment_hook('domain_bridge', 'pythonpath')
[2.098s] INFO:colcon.colcon_core.shell:Creating environment hook '/home/hy/Mobility_Challenge/ros2_ws/install/domain_bridge/share/domain_bridge/hook/pythonpath.ps1'
[2.099s] INFO:colcon.colcon_core.shell:Creating environment descriptor '/home/hy/Mobility_Challenge/ros2_ws/install/domain_bridge/share/domain_bridge/hook/pythonpath.dsv'
[2.100s] INFO:colcon.colcon_core.shell:Creating environment hook '/home/hy/Mobility_Challenge/ros2_ws/install/domain_bridge/share/domain_bridge/hook/pythonpath.sh'
[2.101s] Level 1:colcon.colcon_core.environment:checking '/home/hy/Mobility_Challenge/ros2_ws/install/domain_bridge/bin'
[2.102s] INFO:colcon.colcon_core.shell:Creating package script '/home/hy/Mobility_Challenge/ros2_ws/install/domain_bridge/share/domain_bridge/package.ps1'
[2.103s] INFO:colcon.colcon_core.shell:Creating package descriptor '/home/hy/Mobility_Challenge/ros2_ws/install/domain_bridge/share/domain_bridge/package.dsv'
[2.104s] INFO:colcon.colcon_core.shell:Creating package script '/home/hy/Mobility_Challenge/ros2_ws/install/domain_bridge/share/domain_bridge/package.sh'
[2.105s] INFO:colcon.colcon_core.shell:Creating package script '/home/hy/Mobility_Challenge/ros2_ws/install/domain_bridge/share/domain_bridge/package.bash'
[2.106s] INFO:colcon.colcon_core.shell:Creating package script '/home/hy/Mobility_Challenge/ros2_ws/install/domain_bridge/share/domain_bridge/package.zsh'
[2.107s] Level 1:colcon.colcon_core.environment:create_file_with_runtime_dependencies(/home/hy/Mobility_Challenge/ros2_ws/install/domain_bridge/share/colcon-core/packages/domain_bridge)
[2.109s] Level 1:colcon.colcon_core.environment:create_environment_scripts_only(domain_bridge)
[2.109s] Level 1:colcon.colcon_core.environment:checking '/home/hy/Mobility_Challenge/ros2_ws/install/domain_bridge' for CMake module files
[2.110s] Level 1:colcon.colcon_core.environment:checking '/home/hy/Mobility_Challenge/ros2_ws/install/domain_bridge' for CMake config files
[2.111s] Level 1:colcon.colcon_core.shell:create_environment_hook('domain_bridge', 'cmake_prefix_path')
[2.112s] INFO:colcon.colcon_core.shell:Creating environment hook '/home/hy/Mobility_Challenge/ros2_ws/install/domain_bridge/share/domain_bridge/hook/cmake_prefix_path.ps1'
[2.113s] INFO:colcon.colcon_core.shell:Creating environment descriptor '/home/hy/Mobility_Challenge/ros2_ws/install/domain_bridge/share/domain_bridge/hook/cmake_prefix_path.dsv'
[2.114s] INFO:colcon.colcon_core.shell:Creating environment hook '/home/hy/Mobility_Challenge/ros2_ws/install/domain_bridge/share/domain_bridge/hook/cmake_prefix_path.sh'
[2.115s] Level 1:colcon.colcon_core.environment:checking '/home/hy/Mobility_Challenge/ros2_ws/install/domain_bridge/lib'
[2.115s] Level 1:colcon.colcon_core.shell:create_environment_hook('domain_bridge', 'ld_library_path_lib')
[2.116s] INFO:colcon.colcon_core.shell:Creating environment hook '/home/hy/Mobility_Challenge/ros2_ws/install/domain_bridge/share/domain_bridge/hook/ld_library_path_lib.ps1'
[2.116s] INFO:colcon.colcon_core.shell:Creating environment descriptor '/home/hy/Mobility_Challenge/ros2_ws/install/domain_bridge/share/domain_bridge/hook/ld_library_path_lib.dsv'
[2.117s] INFO:colcon.colcon_core.shell:Creating environment hook '/home/hy/Mobility_Challenge/ros2_ws/install/domain_bridge/share/domain_bridge/hook/ld_library_path_lib.sh'
[2.118s] Level 1:colcon.colcon_core.environment:checking '/home/hy/Mobility_Challenge/ros2_ws/install/domain_bridge/bin'
[2.118s] Level 1:colcon.colcon_core.environment:checking '/home/hy/Mobility_Challenge/ros2_ws/install/domain_bridge/lib/pkgconfig/domain_bridge.pc'
[2.119s] Level 1:colcon.colcon_core.environment:checking '/home/hy/Mobility_Challenge/ros2_ws/install/domain_bridge/lib/python3.8/site-packages'
[2.119s] Level 1:colcon.colcon_core.shell:create_environment_hook('domain_bridge', 'pythonpath')
[2.119s] INFO:colcon.colcon_core.shell:Creating environment hook '/home/hy/Mobility_Challenge/ros2_ws/install/domain_bridge/share/domain_bridge/hook/pythonpath.ps1'
[2.120s] INFO:colcon.colcon_core.shell:Creating environment descriptor '/home/hy/Mobility_Challenge/ros2_ws/install/domain_bridge/share/domain_bridge/hook/pythonpath.dsv'
[2.121s] INFO:colcon.colcon_core.shell:Creating environment hook '/home/hy/Mobility_Challenge/ros2_ws/install/domain_bridge/share/domain_bridge/hook/pythonpath.sh'
[2.122s] Level 1:colcon.colcon_core.environment:checking '/home/hy/Mobility_Challenge/ros2_ws/install/domain_bridge/bin'
[2.123s] INFO:colcon.colcon_core.shell:Creating package script '/home/hy/Mobility_Challenge/ros2_ws/install/domain_bridge/share/domain_bridge/package.ps1'
[2.124s] INFO:colcon.colcon_core.shell:Creating package descriptor '/home/hy/Mobility_Challenge/ros2_ws/install/domain_bridge/share/domain_bridge/package.dsv'
[2.126s] INFO:colcon.colcon_core.shell:Creating package script '/home/hy/Mobility_Challenge/ros2_ws/install/domain_bridge/share/domain_bridge/package.sh'
[2.127s] INFO:colcon.colcon_core.shell:Creating package script '/home/hy/Mobility_Challenge/ros2_ws/install/domain_bridge/share/domain_bridge/package.bash'
[2.128s] INFO:colcon.colcon_core.shell:Creating package script '/home/hy/Mobility_Challenge/ros2_ws/install/domain_bridge/share/domain_bridge/package.zsh'
[2.129s] Level 1:colcon.colcon_core.environment:create_file_with_runtime_dependencies(/home/hy/Mobility_Challenge/ros2_ws/install/domain_bridge/share/colcon-core/packages/domain_bridge)
[2.130s] INFO:colcon.colcon_ros.task.ament_cmake.build:Building ROS package in '/home/hy/Mobility_Challenge/ros2_ws/src/p3_cpp' with build type 'ament_cmake'
[2.130s] INFO:colcon.colcon_cmake.task.cmake.build:Building CMake package in '/home/hy/Mobility_Challenge/ros2_ws/src/p3_cpp'
[2.131s] INFO:colcon.colcon_core.shell:Skip shell extension 'powershell' for command environment: Not usable outside of PowerShell
[2.131s] DEBUG:colcon.colcon_core.shell:Skip shell extension 'dsv' for command environment
[2.156s] DEBUG:colcon.colcon_core.event_handler.log_command:Invoking command in '/home/hy/Mobility_Challenge/ros2_ws/build/p3_cpp': AMENT_PREFIX_PATH=/home/hy/Mobility_Challenge/ros2_ws/install/domain_bridge:${AMENT_PREFIX_PATH} CMAKE_PREFIX_PATH=/home/hy/Mobility_Challenge/ros2_ws/install/domain_bridge:/opt/ros/foxy LD_LIBRARY_PATH=/home/hy/Mobility_Challenge/ros2_ws/install/domain_bridge/lib:${LD_LIBRARY_PATH} PYTHONPATH=/home/hy/Mobility_Challenge/ros2_ws/install/domain_bridge/lib/python3.8/site-packages:${PYTHONPATH} /usr/bin/cmake --build /home/hy/Mobility_Challenge/ros2_ws/build/p3_cpp -- -j4 -l4
[2.309s] DEBUG:colcon.colcon_core.event_handler.log_command:Invoked command in '/home/hy/Mobility_Challenge/ros2_ws/build/p3_cpp' returned '0': AMENT_PREFIX_PATH=/home/hy/Mobility_Challenge/ros2_ws/install/domain_bridge:${AMENT_PREFIX_PATH} CMAKE_PREFIX_PATH=/home/hy/Mobility_Challenge/ros2_ws/install/domain_bridge:/opt/ros/foxy LD_LIBRARY_PATH=/home/hy/Mobility_Challenge/ros2_ws/install/domain_bridge/lib:${LD_LIBRARY_PATH} PYTHONPATH=/home/hy/Mobility_Challenge/ros2_ws/install/domain_bridge/lib/python3.8/site-packages:${PYTHONPATH} /usr/bin/cmake --build /home/hy/Mobility_Challenge/ros2_ws/build/p3_cpp -- -j4 -l4
[2.315s] DEBUG:colcon.colcon_core.event_handler.log_command:Invoking command in '/home/hy/Mobility_Challenge/ros2_ws/build/p3_cpp': AMENT_PREFIX_PATH=/home/hy/Mobility_Challenge/ros2_ws/install/domain_bridge:${AMENT_PREFIX_PATH} CMAKE_PREFIX_PATH=/home/hy/Mobility_Challenge/ros2_ws/install/domain_bridge:/opt/ros/foxy LD_LIBRARY_PATH=/home/hy/Mobility_Challenge/ros2_ws/install/domain_bridge/lib:${LD_LIBRARY_PATH} PYTHONPATH=/home/hy/Mobility_Challenge/ros2_ws/install/domain_bridge/lib/python3.8/site-packages:${PYTHONPATH} /usr/bin/cmake --install /home/hy/Mobility_Challenge/ros2_ws/build/p3_cpp
[2.435s] Level 1:colcon.colcon_core.environment:create_environment_scripts_only(p3_cpp)
[2.436s] Level 1:colcon.colcon_core.environment:checking '/home/hy/Mobility_Challenge/ros2_ws/install/p3_cpp' for CMake module files
[2.437s] DEBUG:colcon.colcon_core.event_handler.log_command:Invoked command in '/home/hy/Mobility_Challenge/ros2_ws/build/p3_cpp' returned '0': AMENT_PREFIX_PATH=/home/hy/Mobility_Challenge/ros2_ws/install/domain_bridge:${AMENT_PREFIX_PATH} CMAKE_PREFIX_PATH=/home/hy/Mobility_Challenge/ros2_ws/install/domain_bridge:/opt/ros/foxy LD_LIBRARY_PATH=/home/hy/Mobility_Challenge/ros2_ws/install/domain_bridge/lib:${LD_LIBRARY_PATH} PYTHONPATH=/home/hy/Mobility_Challenge/ros2_ws/install/domain_bridge/lib/python3.8/site-packages:${PYTHONPATH} /usr/bin/cmake --install /home/hy/Mobility_Challenge/ros2_ws/build/p3_cpp
[2.438s] Level 1:colcon.colcon_core.environment:checking '/home/hy/Mobility_Challenge/ros2_ws/install/p3_cpp' for CMake config files
[2.438s] Level 1:colcon.colcon_core.shell:create_environment_hook('p3_cpp', 'cmake_prefix_path')
[2.439s] INFO:colcon.colcon_core.shell:Creating environment hook '/home/hy/Mobility_Challenge/ros2_ws/install/p3_cpp/share/p3_cpp/hook/cmake_prefix_path.ps1'
[2.441s] INFO:colcon.colcon_core.shell:Creating environment descriptor '/home/hy/Mobility_Challenge/ros2_ws/install/p3_cpp/share/p3_cpp/hook/cmake_prefix_path.dsv'
[2.442s] INFO:colcon.colcon_core.shell:Creating environment hook '/home/hy/Mobility_Challenge/ros2_ws/install/p3_cpp/share/p3_cpp/hook/cmake_prefix_path.sh'
[2.443s] Level 1:colcon.colcon_core.environment:checking '/home/hy/Mobility_Challenge/ros2_ws/install/p3_cpp/lib'
[2.444s] Level 1:colcon.colcon_core.environment:checking '/home/hy/Mobility_Challenge/ros2_ws/install/p3_cpp/bin'
[2.444s] Level 1:colcon.colcon_core.environment:checking '/home/hy/Mobility_Challenge/ros2_ws/install/p3_cpp/lib/pkgconfig/p3_cpp.pc'
[2.444s] Level 1:colcon.colcon_core.environment:checking '/home/hy/Mobility_Challenge/ros2_ws/install/p3_cpp/lib/python3.8/site-packages'
[2.445s] Level 1:colcon.colcon_core.environment:checking '/home/hy/Mobility_Challenge/ros2_ws/install/p3_cpp/bin'
[2.446s] INFO:colcon.colcon_core.shell:Creating package script '/home/hy/Mobility_Challenge/ros2_ws/install/p3_cpp/share/p3_cpp/package.ps1'
[2.447s] INFO:colcon.colcon_core.shell:Creating package descriptor '/home/hy/Mobility_Challenge/ros2_ws/install/p3_cpp/share/p3_cpp/package.dsv'
[2.448s] INFO:colcon.colcon_core.shell:Creating package script '/home/hy/Mobility_Challenge/ros2_ws/install/p3_cpp/share/p3_cpp/package.sh'
[2.449s] INFO:colcon.colcon_core.shell:Creating package script '/home/hy/Mobility_Challenge/ros2_ws/install/p3_cpp/share/p3_cpp/package.bash'
[2.450s] INFO:colcon.colcon_core.shell:Creating package script '/home/hy/Mobility_Challenge/ros2_ws/install/p3_cpp/share/p3_cpp/package.zsh'
[2.452s] Level 1:colcon.colcon_core.environment:create_file_with_runtime_dependencies(/home/hy/Mobility_Challenge/ros2_ws/install/p3_cpp/share/colcon-core/packages/p3_cpp)
[2.453s] Level 1:colcon.colcon_core.environment:create_environment_scripts_only(p3_cpp)
[2.454s] Level 1:colcon.colcon_core.environment:checking '/home/hy/Mobility_Challenge/ros2_ws/install/p3_cpp' for CMake module files
[2.455s] Level 1:colcon.colcon_core.environment:checking '/home/hy/Mobility_Challenge/ros2_ws/install/p3_cpp' for CMake config files
[2.456s] Level 1:colcon.colcon_core.shell:create_environment_hook('p3_cpp', 'cmake_prefix_path')
[2.456s] INFO:colcon.colcon_core.shell:Creating environment hook '/home/hy/Mobility_Challenge/ros2_ws/install/p3_cpp/share/p3_cpp/hook/cmake_prefix_path.ps1'
[2.457s] INFO:colcon.colcon_core.shell:Creating environment descriptor '/home/hy/Mobility_Challenge/ros2_ws/install/p3_cpp/share/p3_cpp/hook/cmake_prefix_path.dsv'
[2.458s] INFO:colcon.colcon_core.shell:Creating environment hook '/home/hy/Mobility_Challenge/ros2_ws/install/p3_cpp/share/p3_cpp/hook/cmake_prefix_path.sh'
[2.459s] Level 1:colcon.colcon_core.environment:checking '/home/hy/Mobility_Challenge/ros2_ws/install/p3_cpp/lib'
[2.460s] Level 1:colcon.colcon_core.environment:checking '/home/hy/Mobility_Challenge/ros2_ws/install/p3_cpp/bin'
[2.460s] Level 1:colcon.colcon_core.environment:checking '/home/hy/Mobility_Challenge/ros2_ws/install/p3_cpp/lib/pkgconfig/p3_cpp.pc'
[2.460s] Level 1:colcon.colcon_core.environment:checking '/home/hy/Mobility_Challenge/ros2_ws/install/p3_cpp/lib/python3.8/site-packages'
[2.461s] Level 1:colcon.colcon_core.environment:checking '/home/hy/Mobility_Challenge/ros2_ws/install/p3_cpp/bin'
[2.462s] INFO:colcon.colcon_core.shell:Creating package script '/home/hy/Mobility_Challenge/ros2_ws/install/p3_cpp/share/p3_cpp/package.ps1'
[2.463s] INFO:colcon.colcon_core.shell:Creating package descriptor '/home/hy/Mobility_Challenge/ros2_ws/install/p3_cpp/share/p3_cpp/package.dsv'
[2.464s] INFO:colcon.colcon_core.shell:Creating package script '/home/hy/Mobility_Challenge/ros2_ws/install/p3_cpp/share/p3_cpp/package.sh'
[2.465s] INFO:colcon.colcon_core.shell:Creating package script '/home/hy/Mobility_Challenge/ros2_ws/install/p3_cpp/share/p3_cpp/package.bash'
[2.466s] INFO:colcon.colcon_core.shell:Creating package script '/home/hy/Mobility_Challenge/ros2_ws/install/p3_cpp/share/p3_cpp/package.zsh'
[2.468s] Level 1:colcon.colcon_core.environment:create_file_with_runtime_dependencies(/home/hy/Mobility_Challenge/ros2_ws/install/p3_cpp/share/colcon-core/packages/p3_cpp)
[2.479s] DEBUG:colcon.colcon_core.event_handler.log_command:Invoking command in '/home/hy/Mobility_Challenge/ros2_ws/build/cav_controller': PYTHONPATH=/home/hy/Mobility_Challenge/ros2_ws/build/cav_controller/prefix_override:/usr/lib/python3/dist-packages/colcon_core/task/python/colcon_distutils_commands:/home/hy/Mobility_Challenge/ros2_ws/install/cav_controller/lib/python3.8/site-packages:${PYTHONPATH} /usr/bin/python3 -W ignore:setup.py install is deprecated -W ignore:easy_install command is deprecated setup.py develop --editable --build-directory /home/hy/Mobility_Challenge/ros2_ws/build/cav_controller/build --no-deps symlink_data
[3.277s] Level 1:colcon.colcon_core.shell:create_environment_hook('cav_controller', 'pythonpath_develop')
[3.278s] INFO:colcon.colcon_core.shell:Creating environment hook '/home/hy/Mobility_Challenge/ros2_ws/build/cav_controller/share/cav_controller/hook/pythonpath_develop.ps1'
[3.280s] DEBUG:colcon.colcon_core.event_handler.log_command:Invoked command in '/home/hy/Mobility_Challenge/ros2_ws/build/cav_controller' returned '0': PYTHONPATH=/home/hy/Mobility_Challenge/ros2_ws/build/cav_controller/prefix_override:/usr/lib/python3/dist-packages/colcon_core/task/python/colcon_distutils_commands:/home/hy/Mobility_Challenge/ros2_ws/install/cav_controller/lib/python3.8/site-packages:${PYTHONPATH} /usr/bin/python3 -W ignore:setup.py install is deprecated -W ignore:easy_install command is deprecated setup.py develop --editable --build-directory /home/hy/Mobility_Challenge/ros2_ws/build/cav_controller/build --no-deps symlink_data
[3.282s] INFO:colcon.colcon_core.shell:Creating environment descriptor '/home/hy/Mobility_Challenge/ros2_ws/build/cav_controller/share/cav_controller/hook/pythonpath_develop.dsv'
[3.283s] INFO:colcon.colcon_core.shell:Creating environment hook '/home/hy/Mobility_Challenge/ros2_ws/build/cav_controller/share/cav_controller/hook/pythonpath_develop.sh'
[3.285s] Level 1:colcon.colcon_core.environment:checking '/home/hy/Mobility_Challenge/ros2_ws/install/cav_controller' for CMake module files
[3.286s] Level 1:colcon.colcon_core.environment:checking '/home/hy/Mobility_Challenge/ros2_ws/install/cav_controller' for CMake config files
[3.288s] Level 1:colcon.colcon_core.environment:checking '/home/hy/Mobility_Challenge/ros2_ws/install/cav_controller/lib'
[3.288s] Level 1:colcon.colcon_core.environment:checking '/home/hy/Mobility_Challenge/ros2_ws/install/cav_controller/bin'
[3.289s] Level 1:colcon.colcon_core.environment:checking '/home/hy/Mobility_Challenge/ros2_ws/install/cav_controller/lib/pkgconfig/cav_controller.pc'
[3.290s] Level 1:colcon.colcon_core.environment:checking '/home/hy/Mobility_Challenge/ros2_ws/install/cav_controller/lib/python3.8/site-packages'
[3.290s] Level 1:colcon.colcon_core.shell:create_environment_hook('cav_controller', 'pythonpath')
[3.291s] INFO:colcon.colcon_core.shell:Creating environment hook '/home/hy/Mobility_Challenge/ros2_ws/install/cav_controller/share/cav_controller/hook/pythonpath.ps1'
[3.292s] INFO:colcon.colcon_core.shell:Creating environment descriptor '/home/hy/Mobility_Challenge/ros2_ws/install/cav_controller/share/cav_controller/hook/pythonpath.dsv'
[3.294s] INFO:colcon.colcon_core.shell:Creating environment hook '/home/hy/Mobility_Challenge/ros2_ws/install/cav_controller/share/cav_controller/hook/pythonpath.sh'
[3.296s] Level 1:colcon.colcon_core.environment:checking '/home/hy/Mobility_Challenge/ros2_ws/install/cav_controller/bin'
[3.296s] Level 1:colcon.colcon_core.environment:create_environment_scripts_only(cav_controller)
[3.298s] INFO:colcon.colcon_core.shell:Creating package script '/home/hy/Mobility_Challenge/ros2_ws/install/cav_controller/share/cav_controller/package.ps1'
[3.300s] INFO:colcon.colcon_core.shell:Creating package descriptor '/home/hy/Mobility_Challenge/ros2_ws/install/cav_controller/share/cav_controller/package.dsv'
[3.302s] INFO:colcon.colcon_core.shell:Creating package script '/home/hy/Mobility_Challenge/ros2_ws/install/cav_controller/share/cav_controller/package.sh'
[3.303s] INFO:colcon.colcon_core.shell:Creating package script '/home/hy/Mobility_Challenge/ros2_ws/install/cav_controller/share/cav_controller/package.bash'
[3.304s] INFO:colcon.colcon_core.shell:Creating package script '/home/hy/Mobility_Challenge/ros2_ws/install/cav_controller/share/cav_controller/package.zsh'
[3.306s] Level 1:colcon.colcon_core.environment:create_file_with_runtime_dependencies(/home/hy/Mobility_Challenge/ros2_ws/install/cav_controller/share/colcon-core/packages/cav_controller)
[3.307s] DEBUG:colcon.colcon_parallel_executor.executor.parallel:closing loop
[3.308s] DEBUG:colcon.colcon_parallel_executor.executor.parallel:loop closed
[3.308s] DEBUG:colcon.colcon_parallel_executor.executor.parallel:run_until_complete finished with '0'
[3.308s] DEBUG:colcon.colcon_core.event_reactor:joining thread
[3.326s] INFO:colcon.colcon_core.plugin_system:Skipping extension 'colcon_notification.desktop_notification.terminal_notifier': Not used on non-Darwin systems
[3.326s] INFO:colcon.colcon_core.plugin_system:Skipping extension 'colcon_notification.desktop_notification.win32': Not used on non-Windows systems
[3.327s] INFO:colcon.colcon_notification.desktop_notification:Sending desktop notification using 'notify2'
[3.355s] DEBUG:colcon.colcon_notification.desktop_notification.notify2:Failed to initialize notify2: org.freedesktop.DBus.Error.Spawn.ChildExited: Process org.freedesktop.Notifications exited with status 1
[3.355s] DEBUG:colcon.colcon_core.event_reactor:joined thread
[3.356s] INFO:colcon.colcon_core.shell:Creating prefix script '/home/hy/Mobility_Challenge/ros2_ws/install/local_setup.ps1'
[3.360s] INFO:colcon.colcon_core.shell:Creating prefix util module '/home/hy/Mobility_Challenge/ros2_ws/install/_local_setup_util_ps1.py'
[3.366s] INFO:colcon.colcon_core.shell:Creating prefix chain script '/home/hy/Mobility_Challenge/ros2_ws/install/setup.ps1'
[3.369s] INFO:colcon.colcon_core.shell:Creating prefix script '/home/hy/Mobility_Challenge/ros2_ws/install/local_setup.sh'
[3.371s] INFO:colcon.colcon_core.shell:Creating prefix util module '/home/hy/Mobility_Challenge/ros2_ws/install/_local_setup_util_sh.py'
[3.373s] INFO:colcon.colcon_core.shell:Creating prefix chain script '/home/hy/Mobility_Challenge/ros2_ws/install/setup.sh'
[3.376s] INFO:colcon.colcon_core.shell:Creating prefix script '/home/hy/Mobility_Challenge/ros2_ws/install/local_setup.bash'
[3.378s] INFO:colcon.colcon_core.shell:Creating prefix chain script '/home/hy/Mobility_Challenge/ros2_ws/install/setup.bash'
[3.380s] INFO:colcon.colcon_core.shell:Creating prefix script '/home/hy/Mobility_Challenge/ros2_ws/install/local_setup.zsh'
[3.381s] INFO:colcon.colcon_core.shell:Creating prefix chain script '/home/hy/Mobility_Challenge/ros2_ws/install/setup.zsh'
