[0.536s] Invoking command in '/home/hy/Mobility_Challenge/ros2_ws/build/simulator_launch': CMAKE_PREFIX_PATH=/opt/ros/foxy /usr/bin/cmake --build /home/hy/Mobility_Challenge/ros2_ws/build/simulator_launch -- -j4 -l4
[0.637s] Invoked command in '/home/hy/Mobility_Challenge/ros2_ws/build/simulator_launch' returned '0': CMAKE_PREFIX_PATH=/opt/ros/foxy /usr/bin/cmake --build /home/hy/Mobility_Challenge/ros2_ws/build/simulator_launch -- -j4 -l4
[0.666s] Invoking command in '/home/hy/Mobility_Challenge/ros2_ws/build/simulator_launch': CMAKE_PREFIX_PATH=/opt/ros/foxy /usr/bin/cmake --install /home/hy/Mobility_Challenge/ros2_ws/build/simulator_launch
[0.715s] -- Install configuration: ""
[0.719s] -- Execute custom install script
[0.724s] -- Up-to-date symlink: /home/hy/Mobility_Challenge/ros2_ws/install/simulator_launch/share/simulator_launch/launch/simulator_launch.py
[0.727s] -- Up-to-date symlink: /home/hy/Mobility_Challenge/ros2_ws/install/simulator_launch/share/ament_index/resource_index/package_run_dependencies/simulator_launch
[0.729s] -- Up-to-date symlink: /home/hy/Mobility_Challenge/ros2_ws/install/simulator_launch/share/ament_index/resource_index/parent_prefix_path/simulator_launch
[0.734s] -- Up-to-date symlink: /home/hy/Mobility_Challenge/ros2_ws/install/simulator_launch/share/simulator_launch/environment/ament_prefix_path.sh
[0.735s] -- Up-to-date symlink: /home/hy/Mobility_Challenge/ros2_ws/install/simulator_launch/share/simulator_launch/environment/ament_prefix_path.dsv
[0.736s] -- Up-to-date symlink: /home/hy/Mobility_Challenge/ros2_ws/install/simulator_launch/share/simulator_launch/environment/path.sh
[0.736s] -- Up-to-date symlink: /home/hy/Mobility_Challenge/ros2_ws/install/simulator_launch/share/simulator_launch/environment/path.dsv
[0.737s] -- Up-to-date symlink: /home/hy/Mobility_Challenge/ros2_ws/install/simulator_launch/share/simulator_launch/local_setup.bash
[0.744s] -- Up-to-date symlink: /home/hy/Mobility_Challenge/ros2_ws/install/simulator_launch/share/simulator_launch/local_setup.sh
[0.744s] -- Up-to-date symlink: /home/hy/Mobility_Challenge/ros2_ws/install/simulator_launch/share/simulator_launch/local_setup.zsh
[0.744s] -- Up-to-date symlink: /home/hy/Mobility_Challenge/ros2_ws/install/simulator_launch/share/simulator_launch/local_setup.dsv
[0.744s] -- Symlinking: /home/hy/Mobility_Challenge/ros2_ws/install/simulator_launch/share/simulator_launch/package.dsv
[0.778s] -- Up-to-date symlink: /home/hy/Mobility_Challenge/ros2_ws/install/simulator_launch/share/ament_index/resource_index/packages/simulator_launch
[0.779s] -- Up-to-date symlink: /home/hy/Mobility_Challenge/ros2_ws/install/simulator_launch/share/simulator_launch/cmake/simulator_launchConfig.cmake
[0.780s] -- Up-to-date symlink: /home/hy/Mobility_Challenge/ros2_ws/install/simulator_launch/share/simulator_launch/cmake/simulator_launchConfig-version.cmake
[0.780s] -- Up-to-date symlink: /home/hy/Mobility_Challenge/ros2_ws/install/simulator_launch/share/simulator_launch/package.xml
[0.786s] Invoked command in '/home/hy/Mobility_Challenge/ros2_ws/build/simulator_launch' returned '0': CMAKE_PREFIX_PATH=/opt/ros/foxy /usr/bin/cmake --install /home/hy/Mobility_Challenge/ros2_ws/build/simulator_launch
