[0.048s] Invoking command in '/home/hy/Mobility_Challenge/ros2_ws/build/domain_bridge': CMAKE_PREFIX_PATH=/opt/ros/foxy /usr/bin/cmake --build /home/hy/Mobility_Challenge/ros2_ws/build/domain_bridge -- -j4 -l4
[0.591s] [  6%] Built target domain_bridge__rosidl_generator_c
[0.591s] [  6%] Built target domain_bridge__cpp
[0.592s] [  9%] Built target gmock_main
[0.593s] [ 13%] Built target gmock
[0.593s] [ 18%] Built target domain_bridge__rosidl_typesupport_introspection_c
[0.593s] [ 23%] Built target domain_bridge__rosidl_typesupport_cpp
[0.594s] [ 27%] Built target domain_bridge__rosidl_typesupport_c
[0.595s] [ 32%] Built target domain_bridge__rosidl_typesupport_introspection_cpp
[0.595s] [ 36%] Built target domain_bridge__rosidl_typesupport_fastrtps_cpp
[0.595s] [ 41%] Built target domain_bridge__rosidl_typesupport_fastrtps_c
[0.595s] [ 41%] Built target domain_bridge
[0.595s] [ 43%] Built target domain_bridge__py
[0.595s] [ 60%] Built target domain_bridge_lib
[0.596s] [ 63%] Built target domain_bridge__python
[0.596s] [ 67%] Built target test_domain_bridge
[0.596s] [ 69%] Built target domain_bridge_exec
[0.605s] [ 72%] Built target test_domain_bridge_services__rmw_fastrtps_cpp
[0.615s] [ 75%] Built target test_parse_domain_bridge_yaml_config
[0.676s] [ 81%] Built target test_qos_matching__rmw_cyclonedds_cpp
[0.677s] [ 81%] Built target test_qos_matching__rmw_fastrtps_cpp
[0.712s] [ 84%] Built target test_domain_bridge_end_to_end__rmw_fastrtps_cpp
[0.715s] [ 87%] Built target test_domain_bridge_end_to_end__rmw_cyclonedds_cpp
[0.760s] [ 90%] Built target test_domain_bridge_services__rmw_cyclonedds_cpp
[0.789s] [ 93%] Built target domain_bridge__rosidl_typesupport_c__pyext
[0.793s] [ 96%] Built target domain_bridge__rosidl_typesupport_fastrtps_c__pyext
[0.798s] [100%] Built target domain_bridge__rosidl_typesupport_introspection_c__pyext
[0.865s] Invoked command in '/home/hy/Mobility_Challenge/ros2_ws/build/domain_bridge' returned '0': CMAKE_PREFIX_PATH=/opt/ros/foxy /usr/bin/cmake --build /home/hy/Mobility_Challenge/ros2_ws/build/domain_bridge -- -j4 -l4
[0.870s] Invoking command in '/home/hy/Mobility_Challenge/ros2_ws/build/domain_bridge': CMAKE_PREFIX_PATH=/opt/ros/foxy /usr/bin/cmake --install /home/hy/Mobility_Challenge/ros2_ws/build/domain_bridge
[0.889s] -- Install configuration: ""
[0.891s] -- Execute custom install script
[0.891s] -- Up-to-date symlink: /home/hy/Mobility_Challenge/ros2_ws/install/domain_bridge/share/ament_index/resource_index/rosidl_interfaces/domain_bridge
[0.893s] -- Up-to-date symlink: /home/hy/Mobility_Challenge/ros2_ws/install/domain_bridge/include/domain_bridge/msg/compressed_msg.h
[0.893s] -- Up-to-date symlink: /home/hy/Mobility_Challenge/ros2_ws/install/domain_bridge/include/domain_bridge/msg/detail/compressed_msg__functions.h
[0.894s] -- Up-to-date symlink: /home/hy/Mobility_Challenge/ros2_ws/install/domain_bridge/include/domain_bridge/msg/detail/compressed_msg__struct.h
[0.894s] -- Up-to-date symlink: /home/hy/Mobility_Challenge/ros2_ws/install/domain_bridge/include/domain_bridge/msg/detail/compressed_msg__type_support.h
[0.895s] -- Up-to-date symlink: /home/hy/Mobility_Challenge/ros2_ws/install/domain_bridge/include/domain_bridge/msg/rosidl_generator_c__visibility_control.h
[0.895s] -- Up-to-date symlink: /home/hy/Mobility_Challenge/ros2_ws/install/domain_bridge/share/domain_bridge/environment/library_path.sh
[0.896s] -- Up-to-date symlink: /home/hy/Mobility_Challenge/ros2_ws/install/domain_bridge/share/domain_bridge/environment/library_path.dsv
[0.897s] -- Up-to-date symlink: /home/hy/Mobility_Challenge/ros2_ws/install/domain_bridge/include/domain_bridge/msg/detail/compressed_msg__rosidl_typesupport_fastrtps_c.h
[0.898s] -- Up-to-date symlink: /home/hy/Mobility_Challenge/ros2_ws/install/domain_bridge/include/domain_bridge/msg/rosidl_typesupport_fastrtps_c__visibility_control.h
[0.899s] -- Up-to-date symlink: /home/hy/Mobility_Challenge/ros2_ws/install/domain_bridge/lib/libdomain_bridge__rosidl_typesupport_fastrtps_c.so
[0.900s] -- Up-to-date symlink: /home/hy/Mobility_Challenge/ros2_ws/install/domain_bridge/include/domain_bridge/msg/detail/compressed_msg__rosidl_typesupport_fastrtps_cpp.hpp
[0.901s] -- Up-to-date symlink: /home/hy/Mobility_Challenge/ros2_ws/install/domain_bridge/include/domain_bridge/msg/rosidl_typesupport_fastrtps_cpp__visibility_control.h
[0.902s] -- Up-to-date symlink: /home/hy/Mobility_Challenge/ros2_ws/install/domain_bridge/lib/libdomain_bridge__rosidl_typesupport_fastrtps_cpp.so
[0.903s] -- Up-to-date symlink: /home/hy/Mobility_Challenge/ros2_ws/install/domain_bridge/include/domain_bridge/msg/detail/compressed_msg__rosidl_typesupport_introspection_c.h
[0.903s] -- Up-to-date symlink: /home/hy/Mobility_Challenge/ros2_ws/install/domain_bridge/include/domain_bridge/msg/rosidl_typesupport_introspection_c__visibility_control.h
[0.905s] -- Up-to-date symlink: /home/hy/Mobility_Challenge/ros2_ws/install/domain_bridge/include/domain_bridge/msg/compressed_msg.hpp
[0.905s] -- Up-to-date symlink: /home/hy/Mobility_Challenge/ros2_ws/install/domain_bridge/include/domain_bridge/msg/detail/compressed_msg__builder.hpp
[0.906s] -- Up-to-date symlink: /home/hy/Mobility_Challenge/ros2_ws/install/domain_bridge/include/domain_bridge/msg/detail/compressed_msg__struct.hpp
[0.906s] -- Up-to-date symlink: /home/hy/Mobility_Challenge/ros2_ws/install/domain_bridge/include/domain_bridge/msg/detail/compressed_msg__traits.hpp
[0.907s] -- Up-to-date symlink: /home/hy/Mobility_Challenge/ros2_ws/install/domain_bridge/include/domain_bridge/msg/detail/compressed_msg__type_support.hpp
[0.907s] -- Up-to-date symlink: /home/hy/Mobility_Challenge/ros2_ws/install/domain_bridge/include/domain_bridge/msg/rosidl_generator_cpp__visibility_control.hpp
[0.908s] -- Up-to-date symlink: /home/hy/Mobility_Challenge/ros2_ws/install/domain_bridge/include/domain_bridge/msg/detail/compressed_msg__rosidl_typesupport_introspection_cpp.hpp
[0.909s] -- Up-to-date symlink: /home/hy/Mobility_Challenge/ros2_ws/install/domain_bridge/share/domain_bridge/environment/pythonpath.sh
[0.910s] -- Up-to-date symlink: /home/hy/Mobility_Challenge/ros2_ws/install/domain_bridge/share/domain_bridge/environment/pythonpath.dsv
[0.910s] -- Up-to-date symlink: /home/hy/Mobility_Challenge/ros2_ws/install/domain_bridge/lib/python3.8/site-packages/domain_bridge/__init__.py
[0.911s] -- Up-to-date symlink: /home/hy/Mobility_Challenge/ros2_ws/install/domain_bridge/lib/python3.8/site-packages/domain_bridge/msg/__init__.py
[0.912s] -- Up-to-date symlink: /home/hy/Mobility_Challenge/ros2_ws/install/domain_bridge/lib/python3.8/site-packages/domain_bridge/msg/_compressed_msg.py
[0.913s] -- Up-to-date symlink: /home/hy/Mobility_Challenge/ros2_ws/install/domain_bridge/lib/python3.8/site-packages/domain_bridge/domain_bridge_s__rosidl_typesupport_fastrtps_c.cpython-38-aarch64-linux-gnu.so
[0.914s] -- Up-to-date symlink: /home/hy/Mobility_Challenge/ros2_ws/install/domain_bridge/lib/python3.8/site-packages/domain_bridge/domain_bridge_s__rosidl_typesupport_introspection_c.cpython-38-aarch64-linux-gnu.so
[0.915s] -- Up-to-date symlink: /home/hy/Mobility_Challenge/ros2_ws/install/domain_bridge/lib/python3.8/site-packages/domain_bridge/domain_bridge_s__rosidl_typesupport_c.cpython-38-aarch64-linux-gnu.so
[0.916s] -- Up-to-date symlink: /home/hy/Mobility_Challenge/ros2_ws/install/domain_bridge/lib/libdomain_bridge__python.so
[0.917s] -- Up-to-date symlink: /home/hy/Mobility_Challenge/ros2_ws/install/domain_bridge/share/domain_bridge/msg/CompressedMsg.idl
[0.917s] -- Up-to-date symlink: /home/hy/Mobility_Challenge/ros2_ws/install/domain_bridge/share/domain_bridge/msg/CompressedMsg.msg
[0.919s] -- Up-to-date symlink: /home/hy/Mobility_Challenge/ros2_ws/install/domain_bridge/include/domain_bridge/compress_messages.hpp
[0.919s] -- Up-to-date symlink: /home/hy/Mobility_Challenge/ros2_ws/install/domain_bridge/include/domain_bridge/domain_bridge.hpp
[0.920s] -- Up-to-date symlink: /home/hy/Mobility_Challenge/ros2_ws/install/domain_bridge/include/domain_bridge/domain_bridge_config.hpp
[0.920s] -- Up-to-date symlink: /home/hy/Mobility_Challenge/ros2_ws/install/domain_bridge/include/domain_bridge/domain_bridge_options.hpp
[0.921s] -- Up-to-date symlink: /home/hy/Mobility_Challenge/ros2_ws/install/domain_bridge/include/domain_bridge/parse_domain_bridge_yaml_config.hpp
[0.921s] -- Up-to-date symlink: /home/hy/Mobility_Challenge/ros2_ws/install/domain_bridge/include/domain_bridge/process_cmd_line_arguments.hpp
[0.922s] -- Up-to-date symlink: /home/hy/Mobility_Challenge/ros2_ws/install/domain_bridge/include/domain_bridge/qos_options.hpp
[0.922s] -- Up-to-date symlink: /home/hy/Mobility_Challenge/ros2_ws/install/domain_bridge/include/domain_bridge/service_bridge_impl.inc
[0.923s] -- Up-to-date symlink: /home/hy/Mobility_Challenge/ros2_ws/install/domain_bridge/include/domain_bridge/service_bridge_options.hpp
[0.923s] -- Up-to-date symlink: /home/hy/Mobility_Challenge/ros2_ws/install/domain_bridge/include/domain_bridge/topic_bridge.hpp
[0.924s] -- Up-to-date symlink: /home/hy/Mobility_Challenge/ros2_ws/install/domain_bridge/include/domain_bridge/topic_bridge_options.hpp
[0.924s] -- Up-to-date symlink: /home/hy/Mobility_Challenge/ros2_ws/install/domain_bridge/include/domain_bridge/utils.hpp
[0.925s] -- Up-to-date symlink: /home/hy/Mobility_Challenge/ros2_ws/install/domain_bridge/include/domain_bridge/visibility_control.hpp
[0.926s] -- Up-to-date symlink: /home/hy/Mobility_Challenge/ros2_ws/install/domain_bridge/lib/domain_bridge/domain_bridge
[0.927s] -- Up-to-date symlink: /home/hy/Mobility_Challenge/ros2_ws/install/domain_bridge/share/domain_bridge/examples/example_bridge_config.yaml
[0.927s] -- Up-to-date symlink: /home/hy/Mobility_Challenge/ros2_ws/install/domain_bridge/share/domain_bridge/launch/domain_bridge.launch.xml
[0.928s] -- Up-to-date symlink: /home/hy/Mobility_Challenge/ros2_ws/install/domain_bridge/share/ament_index/resource_index/package_run_dependencies/domain_bridge
[0.929s] -- Up-to-date symlink: /home/hy/Mobility_Challenge/ros2_ws/install/domain_bridge/share/ament_index/resource_index/parent_prefix_path/domain_bridge
[0.929s] -- Up-to-date symlink: /home/hy/Mobility_Challenge/ros2_ws/install/domain_bridge/share/domain_bridge/environment/ament_prefix_path.sh
[0.930s] -- Up-to-date symlink: /home/hy/Mobility_Challenge/ros2_ws/install/domain_bridge/share/domain_bridge/environment/ament_prefix_path.dsv
[0.931s] -- Up-to-date symlink: /home/hy/Mobility_Challenge/ros2_ws/install/domain_bridge/share/domain_bridge/environment/path.sh
[0.931s] -- Up-to-date symlink: /home/hy/Mobility_Challenge/ros2_ws/install/domain_bridge/share/domain_bridge/environment/path.dsv
[0.932s] -- Up-to-date symlink: /home/hy/Mobility_Challenge/ros2_ws/install/domain_bridge/share/domain_bridge/local_setup.bash
[0.933s] -- Up-to-date symlink: /home/hy/Mobility_Challenge/ros2_ws/install/domain_bridge/share/domain_bridge/local_setup.sh
[0.933s] -- Up-to-date symlink: /home/hy/Mobility_Challenge/ros2_ws/install/domain_bridge/share/domain_bridge/local_setup.zsh
[0.934s] -- Up-to-date symlink: /home/hy/Mobility_Challenge/ros2_ws/install/domain_bridge/share/domain_bridge/local_setup.dsv
[0.934s] -- Symlinking: /home/hy/Mobility_Challenge/ros2_ws/install/domain_bridge/share/domain_bridge/package.dsv
[0.953s] -- Up-to-date symlink: /home/hy/Mobility_Challenge/ros2_ws/install/domain_bridge/share/ament_index/resource_index/packages/domain_bridge
[0.954s] -- Up-to-date symlink: /home/hy/Mobility_Challenge/ros2_ws/install/domain_bridge/share/domain_bridge/cmake/rosidl_cmake-extras.cmake
[0.955s] -- Up-to-date symlink: /home/hy/Mobility_Challenge/ros2_ws/install/domain_bridge/share/domain_bridge/cmake/ament_cmake_export_dependencies-extras.cmake
[0.955s] -- Up-to-date symlink: /home/hy/Mobility_Challenge/ros2_ws/install/domain_bridge/share/domain_bridge/cmake/ament_cmake_export_libraries-extras.cmake
[0.956s] -- Up-to-date symlink: /home/hy/Mobility_Challenge/ros2_ws/install/domain_bridge/share/domain_bridge/cmake/ament_cmake_export_targets-extras.cmake
[0.957s] -- Up-to-date symlink: /home/hy/Mobility_Challenge/ros2_ws/install/domain_bridge/share/domain_bridge/cmake/ament_cmake_export_include_directories-extras.cmake
[0.957s] -- Up-to-date symlink: /home/hy/Mobility_Challenge/ros2_ws/install/domain_bridge/share/domain_bridge/cmake/rosidl_cmake_export_typesupport_libraries-extras.cmake
[0.958s] -- Up-to-date symlink: /home/hy/Mobility_Challenge/ros2_ws/install/domain_bridge/share/domain_bridge/cmake/rosidl_cmake_export_typesupport_targets-extras.cmake
[0.959s] -- Up-to-date symlink: /home/hy/Mobility_Challenge/ros2_ws/install/domain_bridge/share/domain_bridge/cmake/domain_bridgeConfig.cmake
[0.959s] -- Up-to-date symlink: /home/hy/Mobility_Challenge/ros2_ws/install/domain_bridge/share/domain_bridge/cmake/domain_bridgeConfig-version.cmake
[0.960s] -- Up-to-date symlink: /home/hy/Mobility_Challenge/ros2_ws/install/domain_bridge/share/domain_bridge/package.xml
[0.961s] -- Up-to-date: /home/hy/Mobility_Challenge/ros2_ws/install/domain_bridge/lib/libdomain_bridge__rosidl_generator_c.so
[0.962s] -- Up-to-date: /home/hy/Mobility_Challenge/ros2_ws/install/domain_bridge/lib/libdomain_bridge__rosidl_typesupport_introspection_c.so
[0.962s] -- Up-to-date: /home/hy/Mobility_Challenge/ros2_ws/install/domain_bridge/lib/libdomain_bridge__rosidl_typesupport_c.so
[0.964s] -- Up-to-date: /home/hy/Mobility_Challenge/ros2_ws/install/domain_bridge/lib/libdomain_bridge__rosidl_typesupport_introspection_cpp.so
[0.965s] -- Up-to-date: /home/hy/Mobility_Challenge/ros2_ws/install/domain_bridge/lib/libdomain_bridge__rosidl_typesupport_cpp.so
[1.036s] -- Up-to-date: /home/hy/Mobility_Challenge/ros2_ws/install/domain_bridge/lib/libdomain_bridge.so
[1.038s] -- Up-to-date: /home/hy/Mobility_Challenge/ros2_ws/install/domain_bridge/share/domain_bridge/cmake/domain_bridge__rosidl_generator_cExport.cmake
[1.038s] -- Up-to-date: /home/hy/Mobility_Challenge/ros2_ws/install/domain_bridge/share/domain_bridge/cmake/domain_bridge__rosidl_generator_cExport-noconfig.cmake
[1.038s] -- Up-to-date: /home/hy/Mobility_Challenge/ros2_ws/install/domain_bridge/share/domain_bridge/cmake/domain_bridge__rosidl_typesupport_introspection_cExport.cmake
[1.039s] -- Up-to-date: /home/hy/Mobility_Challenge/ros2_ws/install/domain_bridge/share/domain_bridge/cmake/domain_bridge__rosidl_typesupport_introspection_cExport-noconfig.cmake
[1.039s] -- Up-to-date: /home/hy/Mobility_Challenge/ros2_ws/install/domain_bridge/share/domain_bridge/cmake/domain_bridge__rosidl_typesupport_cExport.cmake
[1.039s] -- Up-to-date: /home/hy/Mobility_Challenge/ros2_ws/install/domain_bridge/share/domain_bridge/cmake/domain_bridge__rosidl_typesupport_cExport-noconfig.cmake
[1.040s] -- Up-to-date: /home/hy/Mobility_Challenge/ros2_ws/install/domain_bridge/share/domain_bridge/cmake/domain_bridge__rosidl_generator_cppExport.cmake
[1.041s] -- Up-to-date: /home/hy/Mobility_Challenge/ros2_ws/install/domain_bridge/share/domain_bridge/cmake/domain_bridge__rosidl_typesupport_introspection_cppExport.cmake
[1.041s] -- Up-to-date: /home/hy/Mobility_Challenge/ros2_ws/install/domain_bridge/share/domain_bridge/cmake/domain_bridge__rosidl_typesupport_introspection_cppExport-noconfig.cmake
[1.041s] -- Up-to-date: /home/hy/Mobility_Challenge/ros2_ws/install/domain_bridge/share/domain_bridge/cmake/domain_bridge__rosidl_typesupport_cppExport.cmake
[1.042s] -- Up-to-date: /home/hy/Mobility_Challenge/ros2_ws/install/domain_bridge/share/domain_bridge/cmake/domain_bridge__rosidl_typesupport_cppExport-noconfig.cmake
[1.042s] -- Up-to-date: /home/hy/Mobility_Challenge/ros2_ws/install/domain_bridge/share/domain_bridge/cmake/export_domain_bridgeExport.cmake
[1.042s] -- Up-to-date: /home/hy/Mobility_Challenge/ros2_ws/install/domain_bridge/share/domain_bridge/cmake/export_domain_bridgeExport-noconfig.cmake
[1.048s] Invoked command in '/home/hy/Mobility_Challenge/ros2_ws/build/domain_bridge' returned '0': CMAKE_PREFIX_PATH=/opt/ros/foxy /usr/bin/cmake --install /home/hy/Mobility_Challenge/ros2_ws/build/domain_bridge
